[dienthoai3.ninhbinhweb.info/index.html]
[dienthoai3.ninhbinhweb.info/xmlrpc.php]
[backblue.gif]
[fade.gif]
[index.html]
[dienthoai3.ninhbinhweb.info/wp-includes/css/dashicons.min24b2.css]
[dienthoai3.ninhbinhweb.info/wp-content/plugins/menu-icons/css/extra.min0c72.css]
[dienthoai3.ninhbinhweb.info/wp-includes/css/dist/block-library/style.min24b2.css]
[dienthoai3.ninhbinhweb.info/wp-content/plugins/woocommerce/packages/woocommerce-blocks/build/vendors-styleaf6c.css]
[dienthoai3.ninhbinhweb.info/comments/feed/index.html]
[dienthoai3.ninhbinhweb.info/feed/index.html]
[dienthoai3.ninhbinhweb.info/wp-content/plugins/woocommerce/packages/woocommerce-blocks/build/styleaf6c.css]
[dienthoai3.ninhbinhweb.info/wp-content/plugins/contact-form-7/includes/css/stylesde54.css]
[dienthoai3.ninhbinhweb.info/wp-content/plugins/devvn-quick-buy/css/devvn-quick-buy001e.css]
[dienthoai3.ninhbinhweb.info/wp-content/themes/flatsome/assets/css/fl-iconsae34.css]
[dienthoai3.ninhbinhweb.info/wp-content/themes/flatsome/assets/css/flatsome0fca.css]
[dienthoai3.ninhbinhweb.info/wp-content/themes/flatsome/assets/css/flatsome-shop0fca.css]
[dienthoai3.ninhbinhweb.info/wp-content/themes/o-du/style6aec.css]
[dienthoai3.ninhbinhweb.info/wp-includes/js/jquery/jquery4a5f.js]
[dienthoai3.ninhbinhweb.info/wp-json/wp/v2/pages/4.json]
[dienthoai3.ninhbinhweb.info/wp-includes/wlwmanifest.xml]
[dienthoai3.ninhbinhweb.info/wp-json/oembed/1.0/embed1585.json]
[dienthoai3.ninhbinhweb.info/wp-content/uploads/2019/06/logo-giuseart-2.png]
[dienthoai3.ninhbinhweb.info/wp-json/oembed/1.0/embed8088]
[dienthoai3.ninhbinhweb.info/wp-content/uploads/2019/08/check@2x.png]
[dienthoai3.ninhbinhweb.info/wp-json/index.html]
[dienthoai3.ninhbinhweb.info/wp-content/uploads/2017/12/ic-cellphone.14.delayed]
[dienthoai3.ninhbinhweb.info/wp-content/uploads/2017/08/banner1.jpg]
[dienthoai3.ninhbinhweb.info/wp-content/uploads/2019/06/logo2.png]
[dienthoai3.ninhbinhweb.info/wp-content/uploads/2018/03/p217.png]
[dienthoai3.ninhbinhweb.info/wp-content/uploads/2018/03/p218.png]
[dienthoai3.ninhbinhweb.info/wp-content/uploads/2018/03/p219.png]
[dienthoai3.ninhbinhweb.info/wp-content/uploads/2018/03/p225.png]
[dienthoai3.ninhbinhweb.info/wp-content/uploads/2018/03/p224.png]
[dienthoai3.ninhbinhweb.info/wp-content/uploads/2018/03/p221.png]
[dienthoai3.ninhbinhweb.info/wp-content/uploads/2018/03/p222.png]
[connect.facebook.net/vi_VN/sdk.js]
[dienthoai3.ninhbinhweb.info/product-category/dien-thoai/index.html]
[dienthoai3.ninhbinhweb.info/wp-content/plugins/contact-form-7/includes/js/scriptsde54.js]
[dienthoai3.ninhbinhweb.info/product-category/dien-thoai/iphone/index.html]
[dienthoai3.ninhbinhweb.info/wp-content/plugins/devvn-quick-buy/js/jquery.validate.min001e.js]
[dienthoai3.ninhbinhweb.info/wp-content/plugins/devvn-quick-buy/js/jquery.bpopup.min001e.js]
[dienthoai3.ninhbinhweb.info/wp-includes/js/underscore.min4511.js]
[dienthoai3.ninhbinhweb.info/product-category/dien-thoai/iphone/iphone-6-6-plus/index.html]
[dienthoai3.ninhbinhweb.info/product-category/dien-thoai/iphone/iphone-6s-6s-plus/index.html]
[dienthoai3.ninhbinhweb.info/wp-includes/js/wp-util.min24b2.js]
[dienthoai3.ninhbinhweb.info/product-category/dien-thoai/iphone/iphone-lock/index.html]
[dienthoai3.ninhbinhweb.info/product-category/dien-thoai/iphone/iphone-7-7-plus/index.html]
[dienthoai3.ninhbinhweb.info/wp-content/plugins/woocommerce/assets/js/jquery-blockui/jquery.blockUI.min44fd.js]
[dienthoai3.ninhbinhweb.info/wp-content/plugins/woocommerce/assets/js/frontend/add-to-cart-variation.min6996.js]
[dienthoai3.ninhbinhweb.info/product-category/dien-thoai/iphone/iphone-5-5s-5c/index.html]
[dienthoai3.ninhbinhweb.info/wp-content/plugins/devvn-quick-buy/js/devvn-quick-buy001e.js]
[dienthoai3.ninhbinhweb.info/product-category/dien-thoai/hang-san-xuat-dien-thoai/apple-hang-san-xuat-dien-thoai/index.html]
[dienthoai3.ninhbinhweb.info/wp-content/plugins/woocommerce/assets/js/js-cookie/js.cookie.min6b25.js]
[dienthoai3.ninhbinhweb.info/product-category/dien-thoai/hang-san-xuat-dien-thoai/index.html]
[dienthoai3.ninhbinhweb.info/product-category/dien-thoai/iphone/iphone-8-8-plus-x/index.html]
[dienthoai3.ninhbinhweb.info/product-category/dien-thoai/hang-san-xuat-dien-thoai/samsung-hang-san-xuat-dien-thoai/index.html]
[dienthoai3.ninhbinhweb.info/product-category/dien-thoai/hang-san-xuat-dien-thoai/xiaomi-hang-san-xuat-dien-thoai/index.html]
[dienthoai3.ninhbinhweb.info/wp-content/plugins/woocommerce/assets/js/frontend/woocommerce.min6996.js]
[dienthoai3.ninhbinhweb.info/product-category/dien-thoai/hang-san-xuat-dien-thoai/htc/index.html]
[dienthoai3.ninhbinhweb.info/wp-content/plugins/woocommerce/assets/js/frontend/cart-fragments.min6996.js]
[dienthoai3.ninhbinhweb.info/product-category/dien-thoai/hang-san-xuat-dien-thoai/lg/index.html]
[dienthoai3.ninhbinhweb.info/wp-includes/js/hoverIntent.minc245.js]
[dienthoai3.ninhbinhweb.info/product-category/tablet/hang-san-xuat/index.html]
[dienthoai3.ninhbinhweb.info/wp-content/themes/flatsome/assets/js/flatsome0fca.js]
[dienthoai3.ninhbinhweb.info/product-category/tablet/index.html]
[dienthoai3.ninhbinhweb.info/product-category/tablet/hang-san-xuat/apple/index.html]
[dienthoai3.ninhbinhweb.info/product-category/dien-thoai/hang-san-xuat-dien-thoai/sony-hang-san-xuat-dien-thoai/index.html]
[dienthoai3.ninhbinhweb.info/wp-content/themes/flatsome/inc/extensions/flatsome-lazy-load/flatsome-lazy-load0fca.js]
[dienthoai3.ninhbinhweb.info/product-category/tablet/hang-san-xuat/samsung/index.html]
[dienthoai3.ninhbinhweb.info/wp-content/themes/flatsome/assets/js/woocommerce0fca.js]
[dienthoai3.ninhbinhweb.info/wp-includes/js/wp-embed.min24b2.js]
[dienthoai3.ninhbinhweb.info/index.html]
[dienthoai3.ninhbinhweb.info/xmlrpc.php]
[dienthoai3.ninhbinhweb.info/product-category/tablet/hang-san-xuat/xiaomi/index.html]
[dienthoai3.ninhbinhweb.info/product-category/tablet/hang-san-xuat/sony/index.html]
[dienthoai3.ninhbinhweb.info/wp-includes/fonts/dashicons7d4b.eot]
[dienthoai3.ninhbinhweb.info/product-category/tablet/hang-san-xuat/lenovo/index.html]
[dienthoai3.ninhbinhweb.info/product-category/tablet/hang-san-xuat/blackberry/index.html]
[dienthoai3.ninhbinhweb.info/product-category/tablet/hang-san-xuat/nokia/index.html]
[dienthoai3.ninhbinhweb.info/wp-includes/fonts/dashicons7d4b.ttf]
[dienthoai3.ninhbinhweb.info/product-category/phu-kien/cap-ket-noi/index.html]
[dienthoai3.ninhbinhweb.info/wp-includes/css/dashicons.min24b2.css]
[dienthoai3.ninhbinhweb.info/product-category/phu-kien/index.html]
[dienthoai3.ninhbinhweb.info/wp-content/plugins/menu-icons/css/extra.min0c72.css]
[dienthoai3.ninhbinhweb.info/product-category/phu-kien/cu-sac/index.html]
[dienthoai3.ninhbinhweb.info/product-category/phu-kien/op-lung/index.html]
[dienthoai3.ninhbinhweb.info/wp-includes/css/dist/block-library/style.min24b2.css]
[dienthoai3.ninhbinhweb.info/wp-content/plugins/woocommerce/packages/woocommerce-blocks/build/vendors-styleaf6c.css]
[dienthoai3.ninhbinhweb.info/product-category/phu-kien/phu-kien-xiaomi/index.html]
[dienthoai3.ninhbinhweb.info/product-category/phu-kien/smart-watch/index.html]
[dienthoai3.ninhbinhweb.info/product-category/phu-kien/sac-du-phong/index.html]
[dienthoai3.ninhbinhweb.info/wp-content/plugins/woocommerce/packages/woocommerce-blocks/build/styleaf6c.css]
[dienthoai3.ninhbinhweb.info/product-category/phu-kien/the-nho/index.html]
[dienthoai3.ninhbinhweb.info/category/review/index.html]
[dienthoai3.ninhbinhweb.info/category/tin-tuc-2/index.html]
[dienthoai3.ninhbinhweb.info/category/uu-dai/index.html]
[dienthoai3.ninhbinhweb.info/wp-content/plugins/contact-form-7/assets/ajax-loader.gif]
[dienthoai3.ninhbinhweb.info/wp-content/plugins/contact-form-7/includes/css/stylesde54.css]
[dienthoai3.ninhbinhweb.info/category/tin-tuc-2/tin-tuc-cong-nghe/index.html]
[dienthoai3.ninhbinhweb.info/category/tin-tuc-2/tu-van-mua-hang/index.html]
[dienthoai3.ninhbinhweb.info/category/tin-tuc-2/hinh-nen/index.html]
[dienthoai3.ninhbinhweb.info/category/tin-tuc-2/danh-gia-san-pham/index.html]
[dienthoai3.ninhbinhweb.info/wp-content/plugins/devvn-quick-buy/images/close.png]
[dienthoai3.ninhbinhweb.info/category/tin-tuc-2/tuyen-dung/index.html]
[dienthoai3.ninhbinhweb.info/wp-content/plugins/devvn-quick-buy/css/devvn-quick-buy001e.css]
[dienthoai3.ninhbinhweb.info/category/tin-tuc-2/dowload-rom/index.html]
[dienthoai3.ninhbinhweb.info/category/tin-tuc-2/game-ung-dung/index.html]
[dienthoai3.ninhbinhweb.info/wp-content/themes/flatsome/assets/css/icons/fl-icons.eot]
[dienthoai3.ninhbinhweb.info/product-category/thay-man/index.html]
[dienthoai3.ninhbinhweb.info/wp-content/themes/flatsome/assets/css/icons/fl-icons.woff2]
[dienthoai3.ninhbinhweb.info/product-category/thay-man/thay-man-lg/index.html]
[dienthoai3.ninhbinhweb.info/product-category/thay-man/thay-man-iphone/index.html]
[dienthoai3.ninhbinhweb.info/wp-content/themes/flatsome/assets/css/icons/fl-icons.ttf]
[dienthoai3.ninhbinhweb.info/product-category/thay-man/thay-man-samsung/index.html]
[dienthoai3.ninhbinhweb.info/wp-content/themes/flatsome/assets/css/icons/fl-icons.woff]
[dienthoai3.ninhbinhweb.info/product-category/sua-chua/index.html]
[dienthoai3.ninhbinhweb.info/product-category/sua-chua/dich-vu-phan-cung/index.html]
[dienthoai3.ninhbinhweb.info/wp-content/themes/flatsome/assets/css/icons/fl-icons.svg]
[dienthoai3.ninhbinhweb.info/wp-content/themes/flatsome/assets/css/fl-iconsae34.css]
[dienthoai3.ninhbinhweb.info/product-category/thay-man/thay-man-sony/index.html]
[dienthoai3.ninhbinhweb.info/product-category/sua-chua/dich-vu-phan-mem/index.html]
[dienthoai3.ninhbinhweb.info/product-category/sua-chua/sua-chua-dien-thoai-iphone/index.html]
[dienthoai3.ninhbinhweb.info/wp-content/themes/flatsome/assets/img/shadow@2x.png]
[dienthoai3.ninhbinhweb.info/wp-content/themes/flatsome/assets/img/underline.png]
[dienthoai3.ninhbinhweb.info/wp-content/themes/flatsome/assets/css/flatsome0fca.css]
[dienthoai3.ninhbinhweb.info/product-category/sua-chua/sua-chua-dien-thoai-samsung/index.html]
[dienthoai3.ninhbinhweb.info/gio-hang/index.html]
[dienthoai3.ninhbinhweb.info/wp-content/themes/flatsome/assets/css/flatsome-shop0fca.css]
[dienthoai3.ninhbinhweb.info/huong-dan-cach-thoat-xoa-tai-khoan-icloud-tren-iphone-ipad/index.html]
[dienthoai3.ninhbinhweb.info/dang-nhapxuat-cac-tai-khoan-apple-tren-cac-thiet-bi-ios/index.html]
[dienthoai3.ninhbinhweb.info/huong-dan-xoa-tai-khoan-icloud-khong-can-mat-khau/index.html]
[dienthoai3.ninhbinhweb.info/tai-hinh-nen-y-nghia-cho-may-tinh/index.html]
[dienthoai3.ninhbinhweb.info/wp-content/themes/fonts/fontawesome-webfont93e3.eot]
[dienthoai3.ninhbinhweb.info/product/may-tinh-bang-samsung-galaxy-tab-a-8-0-2017/index.html]
[dienthoai3.ninhbinhweb.info/product/dien-thoai-iphone-8-64gb/index.html]
[dienthoai3.ninhbinhweb.info/product/thay-mat-kinh-cam-ung-samsung-galaxy-s9-s9-plus/index.html]
[dienthoai3.ninhbinhweb.info/product/dien-thoai-iphone-x-64gb/index.html]
[dienthoai3.ninhbinhweb.info/wp-content/themes/fonts/fontawesome-webfontd41d.eot]
[dienthoai3.ninhbinhweb.info/product/the-nho-toshiba-8gb/index.html]
[dienthoai3.ninhbinhweb.info/product/day-cap-sac-usb-type-c-lg-chinh-hang/index.html]
[dienthoai3.ninhbinhweb.info/product/adapter-cu-sac-hoco-1-0-a/index.html]
[dienthoai3.ninhbinhweb.info/product/iphone-7-32gb-lock-my-like-new/index.html]
[dienthoai3.ninhbinhweb.info/product/dien-thoai-iphone-6-cu-fullbox-gia-re-nhat/index.html]
[dienthoai3.ninhbinhweb.info/wp-content/themes/fonts/fontawesome-webfont.3d93e3.delayed]
[dienthoai3.ninhbinhweb.info/product/iphone-6-16gb-lock-my-like-new/index.html]
[dienthoai3.ninhbinhweb.info/product/iphone-6s-64gb-lock-my-new/index.html]
[dienthoai3.ninhbinhweb.info/product/iphone-6s-plus-16gb-quoc-te-like-new/index.html]
[dienthoai3.ninhbinhweb.info/product/iphone-6s-64gb-quoc-te-like-new-khong-van-tay/index.html]
[dienthoai3.ninhbinhweb.info/wp-content/themes/fonts/fontawesome-webfont93e3.ttf]
[dienthoai3.ninhbinhweb.info/product/iphone-6s-16gb-lock-my-like-new/index.html]
[dienthoai3.ninhbinhweb.info/product/iphone-6-plus-128gb-quoc-te-like-new/index.html]
[dienthoai3.ninhbinhweb.info/product/iphone-6-16gb-quoc-te-like-new/index.html]
[dienthoai3.ninhbinhweb.info/product/iphone-6-16gb-lock-nhat-like-new/index.html]
[dienthoai3.ninhbinhweb.info/wp-content/themes/fonts/fontawesome-webfont93e3.svg]
[dienthoai3.ninhbinhweb.info/wp-content/themes/o-du/style6aec.css]
[dienthoai3.ninhbinhweb.info/product/ipad-mini-4-16gb-wifi-4g/index.html]
[dienthoai3.ninhbinhweb.info/product/ipad-mini-3-16gb-wifi-4g/index.html]
[dienthoai3.ninhbinhweb.info/wp-includes/js/jquery/jquery4a5f.js]
[dienthoai3.ninhbinhweb.info/product/ipad-air-16gb-wifi-4g/index.html]
[dienthoai3.ninhbinhweb.info/product/ipad-pro-97inch-32gb-wifi-4g/index.html]
[dienthoai3.ninhbinhweb.info/danh-gia-dien-thoai-infocus-m810t-ngang-hang-dien-thoai-cao-cap-voi-muc-gia-re/index.html]
[dienthoai3.ninhbinhweb.info/wp-content/uploads/2017/12/ic-cellphone.html]
[dienthoai3.ninhbinhweb.info/wp-content/uploads/2017/08/banner1.html]
[dienthoai3.ninhbinhweb.info/phan-mem-nen-anh-va-video-giup-tiet-kiem-bo-nho-tren-android/index.html]
[dienthoai3.ninhbinhweb.info/product-category/dien-thoai/index.html]
[dienthoai3.ninhbinhweb.info/xmlrpc0db0.php]
[dienthoai3.ninhbinhweb.info/product-category/dien-thoai/iphone/index.html]
[dienthoai3.ninhbinhweb.info/cach-tao-anh-dong-tren-iphone-cuc-de-voi-hieu-ung-dep-mat/index.html]
[dienthoai3.ninhbinhweb.info/product-category/dien-thoai/iphone/iphone-6-6-plus/index.html]
[dienthoai3.ninhbinhweb.info/tai-khoan/lost-password/index.html]
[dienthoai3.ninhbinhweb.info/product-category/dien-thoai/iphone/iphone-6s-6s-plus/index.html]
[dienthoai3.ninhbinhweb.info/product-category/dien-thoai/iphone/iphone-6-6-plus/feed/index.html]
[dienthoai3.ninhbinhweb.info/product-category/dien-thoai/iphone/iphone-lock/index.html]
[dienthoai3.ninhbinhweb.info/product-category/dien-thoai/feed/index.html]
[dienthoai3.ninhbinhweb.info/product-category/dien-thoai/iphone/iphone-7-7-plus/index.html]
[dienthoai3.ninhbinhweb.info/product-category/dien-thoai/iphone/feed/index.html]
[dienthoai3.ninhbinhweb.info/product-category/dien-thoai/iphone/iphone-5-5s-5c/index.html]
[dienthoai3.ninhbinhweb.info/product-category/dien-thoai/iphone/iphone-6s-6s-plus/feed/index.html]
[dienthoai3.ninhbinhweb.info/product-category/dien-thoai/iphone/iphone-8-8-plus-x/index.html]
[dienthoai3.ninhbinhweb.info/product-category/dien-thoai/iphone/iphone-lock/feed/index.html]
[dienthoai3.ninhbinhweb.info/product-category/dien-thoai/hang-san-xuat-dien-thoai/index.html]
[dienthoai3.ninhbinhweb.info/product-category/dien-thoai/iphone/iphone-7-7-plus/feed/index.html]
[dienthoai3.ninhbinhweb.info/product-category/dien-thoai/hang-san-xuat-dien-thoai/apple-hang-san-xuat-dien-thoai/index.html]
[dienthoai3.ninhbinhweb.info/product-category/dien-thoai/iphone/iphone-5-5s-5c/feed/index.html]
[dienthoai3.ninhbinhweb.info/product-category/dien-thoai/hang-san-xuat-dien-thoai/samsung-hang-san-xuat-dien-thoai/index.html]
[dienthoai3.ninhbinhweb.info/product-category/dien-thoai/iphone/iphone-8-8-plus-x/feed/index.html]
[dienthoai3.ninhbinhweb.info/product-category/dien-thoai/hang-san-xuat-dien-thoai/xiaomi-hang-san-xuat-dien-thoai/index.html]
[dienthoai3.ninhbinhweb.info/product-category/dien-thoai/hang-san-xuat-dien-thoai/feed/index.html]
[dienthoai3.ninhbinhweb.info/product-category/dien-thoai/hang-san-xuat-dien-thoai/apple-hang-san-xuat-dien-thoai/feed/index.html]
[dienthoai3.ninhbinhweb.info/product-category/dien-thoai/hang-san-xuat-dien-thoai/samsung-hang-san-xuat-dien-thoai/feed/index.html]
[dienthoai3.ninhbinhweb.info/product-category/dien-thoai/hang-san-xuat-dien-thoai/htc/index.html]
[dienthoai3.ninhbinhweb.info/product-category/dien-thoai/hang-san-xuat-dien-thoai/lg/index.html]
[dienthoai3.ninhbinhweb.info/product-category/dien-thoai/hang-san-xuat-dien-thoai/sony-hang-san-xuat-dien-thoai/index.html]
[dienthoai3.ninhbinhweb.info/product-category/dien-thoai/hang-san-xuat-dien-thoai/xiaomi-hang-san-xuat-dien-thoai/feed/index.html]
[dienthoai3.ninhbinhweb.info/product-category/tablet/index.html]
[dienthoai3.ninhbinhweb.info/product-category/dien-thoai/hang-san-xuat-dien-thoai/htc/feed/index.html]
[dienthoai3.ninhbinhweb.info/product-category/dien-thoai/hang-san-xuat-dien-thoai/lg/feed/index.html]
[dienthoai3.ninhbinhweb.info/product-category/dien-thoai/hang-san-xuat-dien-thoai/sony-hang-san-xuat-dien-thoai/feed/index.html]
[dienthoai3.ninhbinhweb.info/product-category/tablet/hang-san-xuat/index.html]
[dienthoai3.ninhbinhweb.info/product-category/tablet/hang-san-xuat/apple/index.html]
[dienthoai3.ninhbinhweb.info/product-category/tablet/hang-san-xuat/samsung/index.html]
[dienthoai3.ninhbinhweb.info/product-category/tablet/feed/index.html]
[dienthoai3.ninhbinhweb.info/product-category/tablet/hang-san-xuat/xiaomi/index.html]
[dienthoai3.ninhbinhweb.info/product-category/tablet/hang-san-xuat/samsung/feed/index.html]
[dienthoai3.ninhbinhweb.info/product-category/tablet/hang-san-xuat/sony/index.html]
[dienthoai3.ninhbinhweb.info/product-category/tablet/hang-san-xuat/xiaomi/feed/index.html]
[dienthoai3.ninhbinhweb.info/product-category/tablet/hang-san-xuat/feed/index.html]
[dienthoai3.ninhbinhweb.info/product-category/tablet/hang-san-xuat/blackberry/index.html]
[dienthoai3.ninhbinhweb.info/product-category/tablet/hang-san-xuat/lenovo/index.html]
[dienthoai3.ninhbinhweb.info/product-category/tablet/hang-san-xuat/apple/feed/index.html]
[dienthoai3.ninhbinhweb.info/product-category/tablet/hang-san-xuat/sony/feed/index.html]
[dienthoai3.ninhbinhweb.info/product-category/tablet/hang-san-xuat/nokia/index.html]
[dienthoai3.ninhbinhweb.info/product-category/phu-kien/index.html]
[dienthoai3.ninhbinhweb.info/product-category/tablet/hang-san-xuat/blackberry/feed/index.html]
[dienthoai3.ninhbinhweb.info/product-category/phu-kien/cap-ket-noi/index.html]
[dienthoai3.ninhbinhweb.info/product-category/tablet/hang-san-xuat/lenovo/feed/index.html]
[dienthoai3.ninhbinhweb.info/product-category/tablet/hang-san-xuat/nokia/feed/index.html]
[dienthoai3.ninhbinhweb.info/product-category/phu-kien/cu-sac/index.html]
[dienthoai3.ninhbinhweb.info/product-category/phu-kien/feed/index.html]
[dienthoai3.ninhbinhweb.info/product-category/phu-kien/cap-ket-noi/feed/index.html]
[dienthoai3.ninhbinhweb.info/product-category/phu-kien/cu-sac/feed/index.html]
[dienthoai3.ninhbinhweb.info/product-category/phu-kien/op-lung/index.html]
[dienthoai3.ninhbinhweb.info/product-category/phu-kien/op-lung/feed/index.html]
[dienthoai3.ninhbinhweb.info/product-category/phu-kien/phu-kien-xiaomi/index.html]
[dienthoai3.ninhbinhweb.info/product/tai-nghe-iphone-5-5s/index.html]
[dienthoai3.ninhbinhweb.info/product-category/phu-kien/phu-kien-xiaomi/feed/index.html]
[dienthoai3.ninhbinhweb.info/product-category/phu-kien/sac-du-phong/index.html]
[dienthoai3.ninhbinhweb.info/product-category/phu-kien/smart-watch/index.html]
[dienthoai3.ninhbinhweb.info/product-category/phu-kien/dan-cuong-luc/index.html]
[dienthoai3.ninhbinhweb.info/product/the-nho-micro-sd-16-gb-class-10/index.html]
[dienthoai3.ninhbinhweb.info/product-category/phu-kien/sac-du-phong/feed/index.html]
[dienthoai3.ninhbinhweb.info/product-category/phu-kien/the-nho/index.html]
[dienthoai3.ninhbinhweb.info/product-category/phu-kien/smart-watch/feed/index.html]
[dienthoai3.ninhbinhweb.info/product-category/phu-kien/tai-nghe/index.html]
[dienthoai3.ninhbinhweb.info/wp-json/wp/v2/categories/277.json]
[dienthoai3.ninhbinhweb.info/product-category/phu-kien/the-nho/feed/index.html]
[dienthoai3.ninhbinhweb.info/wp-content/uploads/2018/03/thu-thuat-be-khoa-icloud-cho-iphone-ipad-nhanh-chong-150x150.jpg]
[dienthoai3.ninhbinhweb.info/category/review/feed/index.html]
[dienthoai3.ninhbinhweb.info/wp-content/uploads/2018/03/1706190-150x150.jpg]
[dienthoai3.ninhbinhweb.info/wp-content/uploads/2018/03/so-tong-dai-vinaphone_grande-150x150.jpg]
[dienthoai3.ninhbinhweb.info/wp-content/uploads/2018/03/hinh-nen-y-nghia-cho-may-tinh-2_1510719817-150x150.jpg]
[dienthoai3.ninhbinhweb.info/wp-content/uploads/2018/03/dien-thoai-infocus_1513129229-150x150.jpg]
[dienthoai3.ninhbinhweb.info/wp-content/uploads/2018/03/cum-camera-samsung-galaxy-s9-plus_1520235548-150x150.jpg]
[dienthoai3.ninhbinhweb.info/wp-content/uploads/2018/03/tải-xuống-3-150x150.jpg]
[dienthoai3.ninhbinhweb.info/wp-content/uploads/2018/03/tải-xuống-1-150x150.jpg]
[dienthoai3.ninhbinhweb.info/wp-content/themes/flatsome/assets/libs/packery.pkgd.min0fca.js]
[dienthoai3.ninhbinhweb.info/category/review/index.html]
[dienthoai3.ninhbinhweb.info/xiaomi-mi-mix-2s-lo-anh-mat-lung-ro-net-ngoai-doi-thuc/index.html]
[dienthoai3.ninhbinhweb.info/category/uu-dai/feed/index.html]
[dienthoai3.ninhbinhweb.info/wp-json/wp/v2/categories/276.json]
[dienthoai3.ninhbinhweb.info/category/uu-dai/index.html]
[dienthoai3.ninhbinhweb.info/category/tin-tuc-2/feed/index.html]
[dienthoai3.ninhbinhweb.info/wp-json/wp/v2/categories/278.json]
[dienthoai3.ninhbinhweb.info/category/tin-tuc-2/index.html]
[dienthoai3.ninhbinhweb.info/wp-json/wp/v2/categories/303.json]
[dienthoai3.ninhbinhweb.info/category/tin-tuc-2/tin-tuc-cong-nghe/index.html]
[dienthoai3.ninhbinhweb.info/category/tin-tuc-2/tin-tuc-cong-nghe/feed/index.html]
[dienthoai3.ninhbinhweb.info/wp-json/wp/v2/categories/307.json]
[dienthoai3.ninhbinhweb.info/category/tin-tuc-2/tu-van-mua-hang/index.html]
[dienthoai3.ninhbinhweb.info/category/tin-tuc-2/tu-van-mua-hang/feed/index.html]
[dienthoai3.ninhbinhweb.info/wp-json/wp/v2/categories/306.json]
[dienthoai3.ninhbinhweb.info/category/tin-tuc-2/hinh-nen/index.html]
[dienthoai3.ninhbinhweb.info/category/tin-tuc-2/hinh-nen/feed/index.html]
[dienthoai3.ninhbinhweb.info/wp-json/wp/v2/categories/304.json]
[dienthoai3.ninhbinhweb.info/category/tin-tuc-2/danh-gia-san-pham/index.html]
[dienthoai3.ninhbinhweb.info/category/tin-tuc-2/danh-gia-san-pham/feed/index.html]
[dienthoai3.ninhbinhweb.info/wp-json/wp/v2/categories/305.json]
[dienthoai3.ninhbinhweb.info/category/tin-tuc-2/tuyen-dung/index.html]
[dienthoai3.ninhbinhweb.info/category/tin-tuc-2/dowload-rom/feed/index.html]
[dienthoai3.ninhbinhweb.info/wp-json/wp/v2/categories/308.json]
[dienthoai3.ninhbinhweb.info/category/tin-tuc-2/dowload-rom/index.html]
[dienthoai3.ninhbinhweb.info/wp-json/wp/v2/categories/309.json]
[dienthoai3.ninhbinhweb.info/category/tin-tuc-2/game-ung-dung/index.html]
[dienthoai3.ninhbinhweb.info/product-category/thay-man/index.html]
[dienthoai3.ninhbinhweb.info/category/tin-tuc-2/game-ung-dung/feed/index.html]
[dienthoai3.ninhbinhweb.info/product-category/thay-man/thay-man-iphone/index.html]
[dienthoai3.ninhbinhweb.info/product-category/thay-man/thay-man-lg/index.html]
[dienthoai3.ninhbinhweb.info/product-category/thay-man/feed/index.html]
[dienthoai3.ninhbinhweb.info/product-category/thay-man/thay-man-samsung/index.html]
[dienthoai3.ninhbinhweb.info/product-category/thay-man/thay-man-iphone/feed/index.html]
[dienthoai3.ninhbinhweb.info/product-category/thay-man/thay-man-sony/index.html]
[dienthoai3.ninhbinhweb.info/product-category/sua-chua/index.html]
[dienthoai3.ninhbinhweb.info/product-category/thay-man/thay-man-lg/feed/index.html]
[dienthoai3.ninhbinhweb.info/product-category/sua-chua/dich-vu-phan-cung/index.html]
[dienthoai3.ninhbinhweb.info/product-category/thay-man/thay-man-samsung/feed/index.html]
[dienthoai3.ninhbinhweb.info/product-category/sua-chua/dich-vu-phan-mem/index.html]
[dienthoai3.ninhbinhweb.info/product-category/thay-man/thay-man-sony/feed/index.html]
[dienthoai3.ninhbinhweb.info/product-category/sua-chua/sua-chua-dien-thoai-iphone/index.html]
[dienthoai3.ninhbinhweb.info/product-category/sua-chua/feed/index.html]
[dienthoai3.ninhbinhweb.info/product-category/sua-chua/sua-chua-dien-thoai-samsung/index.html]
[dienthoai3.ninhbinhweb.info/product-category/sua-chua/dich-vu-phan-cung/feed/index.html]
[dienthoai3.ninhbinhweb.info/product-category/sua-chua/dich-vu-phan-mem/feed/index.html]
[dienthoai3.ninhbinhweb.info/wp-content/plugins/woocommerce/assets/css/select26996.css]
[dienthoai3.ninhbinhweb.info/product-category/sua-chua/sua-chua-dien-thoai-iphone/feed/index.html]
[dienthoai3.ninhbinhweb.info/product-category/sua-chua/sua-chua-dien-thoai-samsung/feed/index.html]
[dienthoai3.ninhbinhweb.info/wp-json/wp/v2/pages/21.json]
[dienthoai3.ninhbinhweb.info/wp-json/oembed/1.0/embeddd64.json]
[dienthoai3.ninhbinhweb.info/wp-json/oembed/1.0/embed72ea]
[dienthoai3.ninhbinhweb.info/wp-content/plugins/woocommerce/assets/js/frontend/country-select.min6996.js]
[dienthoai3.ninhbinhweb.info/wp-content/plugins/woocommerce/assets/js/frontend/address-i18n.min6996.js]
[dienthoai3.ninhbinhweb.info/wp-content/plugins/woocommerce/assets/js/frontend/cart.min6996.js]
[dienthoai3.ninhbinhweb.info/gio-hang/index.html]
[dienthoai3.ninhbinhweb.info/wp-content/plugins/woocommerce/assets/js/selectWoo/selectWoo.full.min0ba6.js]
[dienthoai3.ninhbinhweb.info/cua-hang/index.html]
[dienthoai3.ninhbinhweb.info/huong-dan-cach-thoat-xoa-tai-khoan-icloud-tren-iphone-ipad/feed/index.html]
[dienthoai3.ninhbinhweb.info/wp-json/wp/v2/posts/2517.json]
[dienthoai3.ninhbinhweb.info/wp-json/oembed/1.0/embedfbb1.json]
[dienthoai3.ninhbinhweb.info/wp-json/oembed/1.0/embed28b1]
[dienthoai3.ninhbinhweb.info/wp-includes/js/comment-reply.min24b2.js]
[dienthoai3.ninhbinhweb.info/huong-dan-cach-thoat-xoa-tai-khoan-icloud-tren-iphone-ipad/index.html]
[dienthoai3.ninhbinhweb.info/category/review-chia-se/index.html]
[dienthoai3.ninhbinhweb.info/wp-json/wp/v2/posts/2515.json]
[dienthoai3.ninhbinhweb.info/author/admin/index.html]
[dienthoai3.ninhbinhweb.info/wp-json/oembed/1.0/embed0bc6.json]
[dienthoai3.ninhbinhweb.info/wp-json/oembed/1.0/embed4705]
[dienthoai3.ninhbinhweb.info/dang-nhapxuat-cac-tai-khoan-apple-tren-cac-thiet-bi-ios/index.html]
[dienthoai3.ninhbinhweb.info/huong-dan-xoa-tai-khoan-icloud-khong-can-mat-khau/feed/index.html]
[dienthoai3.ninhbinhweb.info/wp-json/wp/v2/posts/2513.json]
[dienthoai3.ninhbinhweb.info/wp-json/oembed/1.0/embedfc68.json]
[dienthoai3.ninhbinhweb.info/huong-dan-xoa-tai-khoan-icloud-khong-can-mat-khau/index.html]
[dienthoai3.ninhbinhweb.info/wp-json/oembed/1.0/embedc3bd]
[dienthoai3.ninhbinhweb.info/tai-hinh-nen-y-nghia-cho-may-tinh/feed/index.html]
[dienthoai3.ninhbinhweb.info/wp-json/wp/v2/posts/2044.json]
[dienthoai3.ninhbinhweb.info/wp-json/oembed/1.0/embed203e.json]
[dienthoai3.ninhbinhweb.info/tai-hinh-nen-y-nghia-cho-may-tinh/index.html]
[dienthoai3.ninhbinhweb.info/danh-muc/dien-thoai/index.html]
[dienthoai3.ninhbinhweb.info/wp-json/oembed/1.0/embed0503]
[dienthoai3.ninhbinhweb.info/wp-content/plugins/devvn-woocommerce-reviews/css/devvn-woocommerce-reviews19f6.css]
[dienthoai3.ninhbinhweb.info/wp-content/plugins/color-or-image-variation-swatches-for-woocommerce/assets/dist/frontend/css/alg-wc-civs.min8758.css]
[dienthoai3.ninhbinhweb.info/tai-hinh-nen-y-nghia-cho-may-tinh/indexfa40.html]
[dienthoai3.ninhbinhweb.info/wp-json/wp/v2/product/2133.json]
[dienthoai3.ninhbinhweb.info/wp-json/oembed/1.0/embed26b6.json]
[dienthoai3.ninhbinhweb.info/wp-json/oembed/1.0/embedb010]
[dienthoai3.ninhbinhweb.info/wp-content/uploads/2018/03/samsung-galaxy-tab-a-80-2017-9-400x460.png]
[cdn.tgdd.vn/Products/Images/522/113278/samsung-galaxy-tab-a-80-2017-1.jpg]
[cdn2.tgdd.vn/Products/Images/522/113278/samsung-galaxy-tab-a-80-2017-11-1.jpg]
[cdn1.tgdd.vn/Products/Images/522/113278/samsung-galaxy-tab-a-80-2017-13-1.jpg]
[dienthoai3.ninhbinhweb.info/wp-content/uploads/2018/03/samsung-galaxy-tab-a-80-2017-9-400x460-100x100.png]
[dienthoai3.ninhbinhweb.info/wp-content/plugins/devvn-woocommerce-reviews/library/magnific-popup/magnific-popup19f6.js]
[dienthoai3.ninhbinhweb.info/wp-content/plugins/devvn-woocommerce-reviews/js/devvn-woocommerce-reviews19f6.js]
[dienthoai3.ninhbinhweb.info/wp-content/plugins/woocommerce/assets/js/frontend/single-product.min6996.js]
[dienthoai3.ninhbinhweb.info/product/may-tinh-bang-samsung-galaxy-tab-a-8-0-2017/index.html]
[dienthoai3.ninhbinhweb.info/wp-content/plugins/color-or-image-variation-swatches-for-woocommerce/assets/dist/frontend/js/alg-wc-civs.min8758.js]
[dienthoai3.ninhbinhweb.info/product/dien-thoai-iphone-8-64gb/feed/index.html]
[dienthoai3.ninhbinhweb.info/wp-json/oembed/1.0/embed499c.json]
[dienthoai3.ninhbinhweb.info/wp-json/oembed/1.0/embed9b90]
[dienthoai3.ninhbinhweb.info/wp-content/uploads/2018/03/iphone-7-32gb-lock-my-like-new-vang-didongviet_1-1.jpg]
[cdn.tgdd.vn/Files/2017/09/13/1021096/p9122094_800x450.jpg]
[cdn2.tgdd.vn/Files/2017/09/13/1021096/p9122088_800x451.jpg]
[cdn1.tgdd.vn/Files/2017/09/13/1021096/p9122098_800x451.jpg]
[cdn3.tgdd.vn/Files/2017/09/13/1021096/p9122104_800x451.jpg]
[cdn.tgdd.vn/Products/Images/42/114112/iphone-8-256gb-h5-1.jpg]
[cdn2.tgdd.vn/Files/2017/09/13/1021096/p9122097_800x451.jpg]
[cdn1.tgdd.vn/Products/Images/42/114112/iphone-8-256gb-h1-1.jpg]
[dienthoai3.ninhbinhweb.info/wp-content/uploads/2018/03/iphone-7-32gb-lock-my-like-new-vang-didongviet_1-1-100x100.jpg]
[dienthoai3.ninhbinhweb.info/product/dien-thoai-iphone-8-64gb/index.html]
[dienthoai3.ninhbinhweb.info/product/dien-thoai-iphone-8-64gb/index6f0d.html]
[dienthoai3.ninhbinhweb.info/wp-json/oembed/1.0/embed18e4.json]
[dienthoai3.ninhbinhweb.info/product/dien-thoai-iphone-8-64gb/index360b.html]
[dienthoai3.ninhbinhweb.info/wp-json/wp/v2/product/2125.json]
[dienthoai3.ninhbinhweb.info/wp-json/oembed/1.0/embedb263]
[dienthoai3.ninhbinhweb.info/wp-content/uploads/2018/03/iphone-6s-hong-didongviet_5_6.jpg]
[cdn1.tgdd.vn/Products/Images/42/114115/iphone-x-64gb1.jpg]
[cdn3.tgdd.vn/Products/Images/42/114115/iphone-x-64gb2.jpg]
[cdn.tgdd.vn/Products/Images/42/114115/iphone-x-64gb15.jpg]
[cdn2.tgdd.vn/Products/Images/42/114115/iphone-x-64gb20.jpg]
[cdn1.tgdd.vn/Products/Images/42/114115/iphone-x-64gb11.jpg]
[cdn3.tgdd.vn/Products/Images/42/114115/iphone-x-64gb3.jpg]
[cdn.tgdd.vn/Products/Images/42/114115/iphone-x-64gb19.jpg]
[cdn2.tgdd.vn/Products/Images/42/114115/iphone-x-64gb9.jpg]
[cdn1.tgdd.vn/Products/Images/42/114115/iphone-x-64gb10.jpg]
[cdn3.tgdd.vn/Products/Images/42/114115/iphone-x-64gb13.jpg]
[cdn.tgdd.vn/Products/Images/42/114115/iphone-x-64gb17.jpg]
[dienthoai3.ninhbinhweb.info/wp-content/uploads/2018/03/iphone-6s-hong-didongviet_5_6-100x100.jpg]
[dienthoai3.ninhbinhweb.info/product/dien-thoai-iphone-x-64gb/index.html]
[dienthoai3.ninhbinhweb.info/wp-json/wp/v2/product/2056.json]
[dienthoai3.ninhbinhweb.info/wp-json/oembed/1.0/embed12d7.json]
[dienthoai3.ninhbinhweb.info/wp-json/oembed/1.0/embed10d5]
[dienthoai3.ninhbinhweb.info/wp-content/uploads/2018/03/samsung-galaxy-s9-avata_1519725449.jpg]
[dienthoai3.ninhbinhweb.info/wp-content/uploads/2018/03/samsung-galaxy-s9-avata_1519725449-100x100.jpg]
[dienthoai3.ninhbinhweb.info/product/thay-mat-kinh-cam-ung-samsung-galaxy-s9-s9-plus/index.html]
[dienthoai3.ninhbinhweb.info/wp-json/wp/v2/product/1979.json]
[dienthoai3.ninhbinhweb.info/wp-json/oembed/1.0/embedf232.json]
[dienthoai3.ninhbinhweb.info/wp-json/oembed/1.0/embeda6f1]
[dienthoai3.ninhbinhweb.info/wp-content/uploads/2018/03/the-nho-toshiba-8gb-didongviet.jpg]
[dienthoai3.ninhbinhweb.info/wp-content/uploads/2018/03/the-nho-toshiba-8gb-didongviet-100x100.jpg]
[dienthoai3.ninhbinhweb.info/product/the-nho-toshiba-8gb/index.html]
[dienthoai3.ninhbinhweb.info/wp-json/wp/v2/product/1977.json]
[dienthoai3.ninhbinhweb.info/wp-json/oembed/1.0/embedb54c.json]
[dienthoai3.ninhbinhweb.info/wp-json/oembed/1.0/embed70c3]
[dienthoai3.ninhbinhweb.info/wp-content/uploads/2018/03/cap-usb-type-c-lg-chinh-hang-didongviet_2_1.jpg]
[dienthoai3.ninhbinhweb.info/wp-content/uploads/2018/03/cap-usb-type-c-lg-chinh-hang-didongviet_2_1-100x100.jpg]
[dienthoai3.ninhbinhweb.info/product/day-cap-sac-usb-type-c-lg-chinh-hang/index.html]
[dienthoai3.ninhbinhweb.info/wp-json/wp/v2/product/1975.json]
[dienthoai3.ninhbinhweb.info/wp-json/oembed/1.0/embed1bd8.json]
[dienthoai3.ninhbinhweb.info/wp-json/oembed/1.0/embededd8]
[dienthoai3.ninhbinhweb.info/wp-content/uploads/2018/03/adapter-sac-hoco-1-0-didongviet.jpg]
[dienthoai3.ninhbinhweb.info/wp-content/uploads/2018/03/adapter-sac-hoco-1-0-didongviet-100x100.jpg]
[dienthoai3.ninhbinhweb.info/product/adapter-cu-sac-hoco-1-0-a/index.html]
[dienthoai3.ninhbinhweb.info/wp-json/wp/v2/product/1959.json]
[dienthoai3.ninhbinhweb.info/wp-json/oembed/1.0/embedae16.json]
[dienthoai3.ninhbinhweb.info/wp-json/oembed/1.0/embedd8d9]
[dienthoai3.ninhbinhweb.info/product/iphone-7-32gb-lock-my-like-new/index.html]
[dienthoai3.ninhbinhweb.info/wp-json/wp/v2/product/1942.json]
[dienthoai3.ninhbinhweb.info/product/dien-thoai-iphone-6-cu-fullbox-gia-re-nhat/feed/index.html]
[dienthoai3.ninhbinhweb.info/wp-json/oembed/1.0/embeda062.json]
[dienthoai3.ninhbinhweb.info/wp-json/oembed/1.0/embed35f1]
[dienthoai3.ninhbinhweb.info/wp-content/uploads/2018/03/566565656565.jpg]
[dienthoai3.ninhbinhweb.info/wp-content/uploads/2018/03/552_img1.jpg]
[dienthoai3.ninhbinhweb.info/wp-content/uploads/2018/03/images.jpg]
[dienthoai3.ninhbinhweb.info/wp-content/uploads/2018/03/iphone-7-plus-32gb-hh-600x600.jpg]
[dienthoai3.ninhbinhweb.info/wp-content/uploads/2018/03/566565656565-247x296.jpg]
[dienthoai3.ninhbinhweb.info/wp-content/uploads/2018/03/566565656565-100x100.jpg]
[dienthoai3.ninhbinhweb.info/product/dien-thoai-iphone-6-cu-fullbox-gia-re-nhat/index.html]
[dienthoai3.ninhbinhweb.info/product/dien-thoai-iphone-6-cu-fullbox-gia-re-nhat/indexa82a.html]
[dienthoai3.ninhbinhweb.info/wp-json/wp/v2/product/1944.json]
[dienthoai3.ninhbinhweb.info/wp-json/oembed/1.0/embed4b00.json]
[dienthoai3.ninhbinhweb.info/wp-content/uploads/2018/03/iphone-6-16gb-lock-my-like-new-didongviet-3.jpg]
[dienthoai3.ninhbinhweb.info/wp-json/oembed/1.0/embed168b]
[dienthoai3.ninhbinhweb.info/wp-content/uploads/2018/03/iphone-6-16gb-lock-my-like-new-didongviet-3-100x100.jpg]
[dienthoai3.ninhbinhweb.info/product/iphone-6-16gb-lock-my-like-new/index.html]
[dienthoai3.ninhbinhweb.info/wp-json/wp/v2/product/1957.json]
[dienthoai3.ninhbinhweb.info/wp-json/oembed/1.0/embede27e.json]
[dienthoai3.ninhbinhweb.info/wp-json/oembed/1.0/embed5821]
[dienthoai3.ninhbinhweb.info/wp-content/uploads/2018/03/iphone-6s-64gb-lock-my-new-xam-didongviet.jpg]
[dienthoai3.ninhbinhweb.info/wp-content/uploads/2018/03/iphone-6s-64gb-lock-my-new-xam-didongviet-100x100.jpg]
[dienthoai3.ninhbinhweb.info/product/iphone-6s-64gb-lock-my-new/index.html]
[dienthoai3.ninhbinhweb.info/wp-json/wp/v2/product/1955.json]
[dienthoai3.ninhbinhweb.info/wp-json/oembed/1.0/embed02b2.json]
[dienthoai3.ninhbinhweb.info/wp-content/uploads/2018/03/iphone-6s-plus-16gb-quoc-te-like-new-trang-didongviet_1_1.jpg]
[dienthoai3.ninhbinhweb.info/wp-content/uploads/2018/03/iphone-6s-plus-16gb-quoc-te-like-new-trang-didongviet_1_1-100x100.jpg]
[dienthoai3.ninhbinhweb.info/product/iphone-6s-plus-16gb-quoc-te-like-new/index.html]
[dienthoai3.ninhbinhweb.info/wp-json/wp/v2/product/1953.json]
[dienthoai3.ninhbinhweb.info/wp-json/oembed/1.0/embeda92c.json]
[dienthoai3.ninhbinhweb.info/wp-json/oembed/1.0/embedab74]
[dienthoai3.ninhbinhweb.info/wp-content/uploads/2018/03/iphone-6s-hong-didongviet_5_6-1.jpg]
[dienthoai3.ninhbinhweb.info/wp-content/uploads/2018/03/iphone-6s-hong-didongviet_5_6-1-100x100.jpg]
[dienthoai3.ninhbinhweb.info/product/iphone-6s-64gb-quoc-te-like-new-khong-van-tay/index.html]
[dienthoai3.ninhbinhweb.info/wp-json/wp/v2/product/1951.json]
[dienthoai3.ninhbinhweb.info/wp-json/oembed/1.0/embed0bc8.json]
[dienthoai3.ninhbinhweb.info/wp-content/uploads/2018/03/iphone-6s-hong-didongviet_5_6-247x296.jpg]
[dienthoai3.ninhbinhweb.info/wp-json/oembed/1.0/embed7542]
[dienthoai3.ninhbinhweb.info/product/iphone-6s-16gb-lock-my-like-new/index.html]
[dienthoai3.ninhbinhweb.info/wp-json/wp/v2/product/1949.json]
[dienthoai3.ninhbinhweb.info/wp-json/oembed/1.0/embedefd1.json]
[dienthoai3.ninhbinhweb.info/wp-json/oembed/1.0/embed5c75]
[dienthoai3.ninhbinhweb.info/wp-content/uploads/2018/03/iphone-6-plus-64gb-lock-my-like-new-didongviet-2_1_2.jpg]
[dienthoai3.ninhbinhweb.info/wp-content/uploads/2018/03/iphone-6-plus-64gb-lock-my-like-new-didongviet-2_1_2-100x100.jpg]
[dienthoai3.ninhbinhweb.info/product/iphone-6-plus-128gb-quoc-te-like-new/index.html]
[dienthoai3.ninhbinhweb.info/wp-json/wp/v2/product/1947.json]
[dienthoai3.ninhbinhweb.info/wp-json/oembed/1.0/embed1e52.json]
[dienthoai3.ninhbinhweb.info/wp-content/uploads/2018/03/iphone-6-16gb-lock-my-like-new-didongviet-3-1.jpg]
[dienthoai3.ninhbinhweb.info/wp-json/oembed/1.0/embed6736]
[dienthoai3.ninhbinhweb.info/wp-content/uploads/2018/03/iphone-6-16gb-lock-my-like-new-didongviet-3-1-100x100.jpg]
[dienthoai3.ninhbinhweb.info/product/iphone-6-16gb-quoc-te-like-new/index.html]
[dienthoai3.ninhbinhweb.info/wp-json/wp/v2/product/1946.json]
[dienthoai3.ninhbinhweb.info/wp-json/oembed/1.0/embed75ea.json]
[dienthoai3.ninhbinhweb.info/wp-json/oembed/1.0/embedbd14]
[dienthoai3.ninhbinhweb.info/wp-content/uploads/2018/03/tải-xuống.jpg]
[dienthoai3.ninhbinhweb.info/wp-content/uploads/2018/03/tải-xuống-100x100.jpg]
[dienthoai3.ninhbinhweb.info/product/iphone-6-16gb-lock-nhat-like-new/index.html]
[dienthoai3.ninhbinhweb.info/wp-json/wp/v2/product/1972.json]
[dienthoai3.ninhbinhweb.info/wp-json/oembed/1.0/embede04d.json]
[dienthoai3.ninhbinhweb.info/wp-json/oembed/1.0/embed9e7e]
[dienthoai3.ninhbinhweb.info/wp-content/uploads/2018/03/ipad-pro-9-7-inch-32gb-wifi-4g-vang-didongviet_1_1.jpg]
[dienthoai3.ninhbinhweb.info/wp-content/uploads/2018/03/ipad-pro-9-7-inch-32gb-wifi-4g-vang-didongviet_1_1-100x100.jpg]
[dienthoai3.ninhbinhweb.info/product/ipad-mini-4-16gb-wifi-4g/index.html]
[dienthoai3.ninhbinhweb.info/wp-json/wp/v2/product/1970.json]
[dienthoai3.ninhbinhweb.info/wp-json/oembed/1.0/embed0942]
[dienthoai3.ninhbinhweb.info/wp-content/uploads/2018/03/untitled-2_5-1.jpg]
[dienthoai3.ninhbinhweb.info/wp-content/uploads/2018/03/untitled-2_5-1-100x100.jpg]
[dienthoai3.ninhbinhweb.info/product/ipad-mini-3-16gb-wifi-4g/index.html]
[dienthoai3.ninhbinhweb.info/product/ipad-air-16gb-wifi-4g/feed/index.html]
[dienthoai3.ninhbinhweb.info/wp-json/wp/v2/product/1967.json]
[dienthoai3.ninhbinhweb.info/wp-json/oembed/1.0/embed3187.json]
[dienthoai3.ninhbinhweb.info/wp-json/oembed/1.0/embedcb04]
[dienthoai3.ninhbinhweb.info/wp-content/uploads/2018/03/untitled-2_5.jpg]
[dienthoai3.ninhbinhweb.info/wp-content/uploads/2018/03/untitled-2_5-100x100.jpg]
[dienthoai3.ninhbinhweb.info/product/ipad-air-16gb-wifi-4g/index.html]
[dienthoai3.ninhbinhweb.info/wp-json/wp/v2/product/1965.json]
[dienthoai3.ninhbinhweb.info/product/ipad-air-16gb-wifi-4g/indexb951.html]
[dienthoai3.ninhbinhweb.info/wp-json/oembed/1.0/embed27e3.json]
[dienthoai3.ninhbinhweb.info/wp-json/oembed/1.0/embed279f]
[dienthoai3.ninhbinhweb.info/product/ipad-pro-97inch-32gb-wifi-4g/index.html]
[dienthoai3.ninhbinhweb.info/wp-json/wp/v2/posts/2041.json]
[dienthoai3.ninhbinhweb.info/danh-gia-dien-thoai-infocus-m810t-ngang-hang-dien-thoai-cao-cap-voi-muc-gia-re/feed/index.html]
[dienthoai3.ninhbinhweb.info/wp-json/oembed/1.0/embeda6a0.json]
[dienthoai3.ninhbinhweb.info/wp-json/oembed/1.0/embeda185]
[dienthoai3.ninhbinhweb.info/danh-gia-dien-thoai-infocus-m810t-ngang-hang-dien-thoai-cao-cap-voi-muc-gia-re/index.html]
[dienthoai3.ninhbinhweb.info/wp-json/wp/v2/posts/2038.json]
[dienthoai3.ninhbinhweb.info/phan-mem-nen-anh-va-video-giup-tiet-kiem-bo-nho-tren-android/feed/index.html]
[dienthoai3.ninhbinhweb.info/wp-json/oembed/1.0/embed1a8f.json]
[dienthoai3.ninhbinhweb.info/wp-json/oembed/1.0/embedc1b3]
[dienthoai3.ninhbinhweb.info/phan-mem-nen-anh-va-video-giup-tiet-kiem-bo-nho-tren-android/index.html]
[dienthoai3.ninhbinhweb.info/wp-json/wp/v2/posts/2019.json]
[dienthoai3.ninhbinhweb.info/cach-tao-anh-dong-tren-iphone-cuc-de-voi-hieu-ung-dep-mat/feed/index.html]
[dienthoai3.ninhbinhweb.info/wp-json/oembed/1.0/embed2c89.json]
[dienthoai3.ninhbinhweb.info/wp-json/oembed/1.0/embed8417]
[dienthoai3.ninhbinhweb.info/cach-tao-anh-dong-tren-iphone-cuc-de-voi-hieu-ung-dep-mat/index.html]
[connect.facebook.net/vi_VN/sdk.js]
[dienthoai3.ninhbinhweb.info/wp-includes/js/zxcvbn-async.min5152.js]
[dienthoai3.ninhbinhweb.info/tai-khoan/index.html]
[dienthoai3.ninhbinhweb.info/wp-json/wp/v2/pages/23.json]
[dienthoai3.ninhbinhweb.info/wp-json/oembed/1.0/embed87d7.json]
[dienthoai3.ninhbinhweb.info/wp-json/oembed/1.0/embed24a8]
[dienthoai3.ninhbinhweb.info/wp-includes/js/dist/vendor/wp-polyfill.min89b1.js]
[dienthoai3.ninhbinhweb.info/wp-includes/js/dist/vendor/wp-polyfill-fetch.min6e0e.js]
[dienthoai3.ninhbinhweb.info/wp-includes/js/dist/vendor/wp-polyfill-node-contains.min2e00.js]
[dienthoai3.ninhbinhweb.info/wp-includes/js/dist/vendor/wp-polyfill-dom-rect.min2e00.js]
[dienthoai3.ninhbinhweb.info/wp-includes/js/dist/vendor/wp-polyfill-url.min5aed.js]
[dienthoai3.ninhbinhweb.info/wp-includes/js/dist/vendor/wp-polyfill-formdata.mine9bd.js]
[dienthoai3.ninhbinhweb.info/wp-includes/js/dist/vendor/wp-polyfill-element-closest.min4c56.js]
[dienthoai3.ninhbinhweb.info/wp-includes/js/dist/i18n.min44c1.js]
[dienthoai3.ninhbinhweb.info/wp-admin/js/password-strength-meter.min24b2.js]
[dienthoai3.ninhbinhweb.info/wp-content/plugins/woocommerce/assets/js/frontend/password-strength-meter.min6996.js]
[dienthoai3.ninhbinhweb.info/tai-khoan/lost-password/index.html]
[dienthoai3.ninhbinhweb.info/wp-content/plugins/contact-form-7/includes/js/scriptsde54.js]
[dienthoai3.ninhbinhweb.info/wp-content/plugins/devvn-quick-buy/js/jquery.validate.min001e.js]
[dienthoai3.ninhbinhweb.info/wp-content/plugins/devvn-quick-buy/js/jquery.bpopup.min001e.js]
[dienthoai3.ninhbinhweb.info/wp-includes/js/underscore.min4511.js]
[dienthoai3.ninhbinhweb.info/wp-includes/js/wp-util.min24b2.js]
[dienthoai3.ninhbinhweb.info/wp-content/plugins/woocommerce/assets/js/jquery-blockui/jquery.blockUI.min44fd.js]
[dienthoai3.ninhbinhweb.info/wp-content/plugins/woocommerce/assets/js/frontend/add-to-cart-variation.min6996.js]
[dienthoai3.ninhbinhweb.info/wp-content/plugins/devvn-quick-buy/js/devvn-quick-buy001e.js]
[dienthoai3.ninhbinhweb.info/wp-content/plugins/woocommerce/assets/js/js-cookie/js.cookie.min6b25.js]
[dienthoai3.ninhbinhweb.info/wp-content/plugins/woocommerce/assets/js/frontend/woocommerce.min6996.js]
[dienthoai3.ninhbinhweb.info/wp-content/plugins/woocommerce/assets/js/frontend/cart-fragments.min6996.js]
[dienthoai3.ninhbinhweb.info/wp-includes/js/hoverIntent.minc245.js]
[dienthoai3.ninhbinhweb.info/wp-content/themes/flatsome/assets/js/flatsome0fca.js]
[dienthoai3.ninhbinhweb.info/wp-content/themes/flatsome/inc/extensions/flatsome-lazy-load/flatsome-lazy-load0fca.js]
[dienthoai3.ninhbinhweb.info/wp-content/themes/flatsome/assets/js/woocommerce0fca.js]
[dienthoai3.ninhbinhweb.info/wp-includes/js/wp-embed.min24b2.js]
[dienthoai3.ninhbinhweb.info/wp-content/themes/flatsome/assets/css/icons/fl-icons.svg]
[dienthoai3.ninhbinhweb.info/wp-content/themes/fonts/fontawesome-webfont93e3.html]
[dienthoai3.ninhbinhweb.info/wp-content/themes/fonts/fontawesome-webfontd41d.html]
[dienthoai3.ninhbinhweb.info/wp-content/themes/fonts/fontawesome-webfont93e3-2.html]
[dienthoai3.ninhbinhweb.info/wp-content/themes/fonts/fontawesome-webfont93e3-3.html]
[dienthoai3.ninhbinhweb.info/wp-content/themes/fonts/fontawesome-webfont93e3-4.html]
[dienthoai3.ninhbinhweb.info/Edge/index.html]
[dienthoai3.ninhbinhweb.info/wp-json/wp/v2/product/1973.json]
[dienthoai3.ninhbinhweb.info/wp-json/oembed/1.0/embedccda.json]
[dienthoai3.ninhbinhweb.info/wp-json/oembed/1.0/embed65d7]
[dienthoai3.ninhbinhweb.info/wp-content/uploads/2018/03/tai-nghe-iphone-5-5s-didongviet.jpg]
[dienthoai3.ninhbinhweb.info/wp-content/uploads/2018/03/tai-nghe-iphone-5-5s-didongviet-100x100.jpg]
[dienthoai3.ninhbinhweb.info/product/tai-nghe-iphone-5-5s/index.html]
[dienthoai3.ninhbinhweb.info/wp-json/wp/v2/product/2135.json]
[dienthoai3.ninhbinhweb.info/product/the-nho-micro-sd-16-gb-class-10/feed/index.html]
[dienthoai3.ninhbinhweb.info/wp-json/oembed/1.0/embedb194.json]
[dienthoai3.ninhbinhweb.info/wp-json/oembed/1.0/embed7c45]
[dienthoai3.ninhbinhweb.info/wp-content/uploads/2018/03/the-nho-microsd-16gb-class-10-7-300x300.jpg]
[cdn1.tgdd.vn/Products/Images/55/69973/the-nho-microsd-16gb-class-10--1.jpg]
[cdn3.tgdd.vn/Products/Images/55/69973/the-nho-microsd-16gb-class-10--2.jpg]
[cdn.tgdd.vn/Products/Images/55/69973/the-nho-microsd-16gb-class-10--7.jpg]
[cdn2.tgdd.vn/Products/Images/55/69973/the-nho-microsd-16gb-class-10--4.jpg]
[cdn1.tgdd.vn/Products/Images/55/69973/the-nho-microsd-16gb-class-10--5.gif]
[dienthoai3.ninhbinhweb.info/product/the-nho-micro-sd-16-gb-class-10/index.html]
[dienthoai3.ninhbinhweb.info/product-category/phu-kien/dan-cuong-luc/index.html]
[dienthoai3.ninhbinhweb.info/product-category/phu-kien/tai-nghe/index.html]
[dienthoai3.ninhbinhweb.info/product/the-nho-micro-sd-16-gb-class-10/index8528.html]
[dienthoai3.ninhbinhweb.info/product-category/phu-kien/dan-cuong-luc/feed/index.html]
[dienthoai3.ninhbinhweb.info/product-category/phu-kien/tai-nghe/feed/index.html]
[dienthoai3.ninhbinhweb.info/wp-json/wp/v2/posts/2016.json]
[dienthoai3.ninhbinhweb.info/xiaomi-mi-mix-2s-lo-anh-mat-lung-ro-net-ngoai-doi-thuc/feed/index.html]
[dienthoai3.ninhbinhweb.info/wp-json/oembed/1.0/embed429b.json]
[dienthoai3.ninhbinhweb.info/wp-json/oembed/1.0/embed3146]
[dienthoai3.ninhbinhweb.info/xiaomi-mi-mix-2s-lo-anh-mat-lung-ro-net-ngoai-doi-thuc/index.html]
[dienthoai3.ninhbinhweb.info/wp-content/themes/flatsome/assets/libs/packery.pkgd.min0fca.js]
[dienthoai3.ninhbinhweb.info/wp-content/plugins/woocommerce/assets/css/select26996.css]
[dienthoai3.ninhbinhweb.info/index3965.html]
[dienthoai3.ninhbinhweb.info/cua-hang/index.html]
[dienthoai3.ninhbinhweb.info/wp-content/plugins/woocommerce/assets/js/frontend/country-select.min6996.js]
[dienthoai3.ninhbinhweb.info/wp-content/plugins/woocommerce/assets/js/frontend/address-i18n.min6996.js]
[dienthoai3.ninhbinhweb.info/wp-content/plugins/woocommerce/assets/js/frontend/cart.min6996.js]
[dienthoai3.ninhbinhweb.info/wp-content/plugins/woocommerce/assets/js/selectWoo/selectWoo.full.min0ba6.js]
[dienthoai3.ninhbinhweb.info/index2dff.html]
[dienthoai3.ninhbinhweb.info/category/tin-tuc-2/tuyen-dung/feed/index.html]
[dienthoai3.ninhbinhweb.info/cua-hang/feed/index.html]
[dienthoai3.ninhbinhweb.info/wp-json/wp/v2/categories/331.json]
[dienthoai3.ninhbinhweb.info/category/review-chia-se/index.html]
[dienthoai3.ninhbinhweb.info/category/review-chia-se/feed/index.html]
[dienthoai3.ninhbinhweb.info/wp-json/wp/v2/users/1.json]
[dienthoai3.ninhbinhweb.info/author/admin/index.html]
[dienthoai3.ninhbinhweb.info/wp-includes/js/comment-reply.min24b2.js]
[dienthoai3.ninhbinhweb.info/index2b32.html]
[dienthoai3.ninhbinhweb.info/indexbc60.html]
[dienthoai3.ninhbinhweb.info/indexa318.html]
[dienthoai3.ninhbinhweb.info/tai-hinh-nen-y-nghia-cho-may-tinh/indexfa40.html]
[dienthoai3.ninhbinhweb.info/author/admin/feed/index.html]
[dienthoai3.ninhbinhweb.info/wp-content/plugins/devvn-woocommerce-reviews/images/icon-confirm.png]
[dienthoai3.ninhbinhweb.info/dang-nhapxuat-cac-tai-khoan-apple-tren-cac-thiet-bi-ios/feed/index.html]
[dienthoai3.ninhbinhweb.info/wp-content/plugins/devvn-woocommerce-reviews/images/icon-image.png]
[dienthoai3.ninhbinhweb.info/wp-content/plugins/devvn-woocommerce-reviews/images/icon-search.png]
[dienthoai3.ninhbinhweb.info/wp-content/plugins/devvn-woocommerce-reviews/css/devvn-woocommerce-reviews19f6.css]
[dienthoai3.ninhbinhweb.info/wp-content/plugins/color-or-image-variation-swatches-for-woocommerce/assets/dist/frontend/css/alg-wc-civs.min8758.css]
[dienthoai3.ninhbinhweb.info/index6654.html]
[dienthoai3.ninhbinhweb.info/wp-content/plugins/devvn-woocommerce-reviews/library/magnific-popup/magnific-popup19f6.js]
[dienthoai3.ninhbinhweb.info/wp-content/plugins/devvn-woocommerce-reviews/js/devvn-woocommerce-reviews19f6.js]
[dienthoai3.ninhbinhweb.info/wp-content/plugins/woocommerce/assets/js/frontend/single-product.min6996.js]
[dienthoai3.ninhbinhweb.info/wp-content/plugins/color-or-image-variation-swatches-for-woocommerce/assets/dist/frontend/js/alg-wc-civs.min8758.js]
[dienthoai3.ninhbinhweb.info/index1dc9.html]
[dienthoai3.ninhbinhweb.info/product/dien-thoai-iphone-8-64gb/index6f0d.html]
[dienthoai3.ninhbinhweb.info/product/dien-thoai-iphone-8-64gb/index360b.html]
[dienthoai3.ninhbinhweb.info/indexe137.html]
[dienthoai3.ninhbinhweb.info/index9849.html]
[dienthoai3.ninhbinhweb.info/index1e78.html]
[dienthoai3.ninhbinhweb.info/indexa8b0.html]
[dienthoai3.ninhbinhweb.info/index6d7f.html]
[dienthoai3.ninhbinhweb.info/wp-json/wp/v2/product/2128]
[dienthoai3.ninhbinhweb.info/indexbe1b.html]
[dienthoai3.ninhbinhweb.info/index4136.html]
[dienthoai3.ninhbinhweb.info/product/dien-thoai-iphone-6-cu-fullbox-gia-re-nhat/indexa82a.html]
[dienthoai3.ninhbinhweb.info/index5a52.html]
[dienthoai3.ninhbinhweb.info/indexefbe.html]
[dienthoai3.ninhbinhweb.info/index033a.html]
[dienthoai3.ninhbinhweb.info/index66cc.html]
[dienthoai3.ninhbinhweb.info/index24f2.html]
[dienthoai3.ninhbinhweb.info/indexc429.html]
[dienthoai3.ninhbinhweb.info/indexd18b.html]
[dienthoai3.ninhbinhweb.info/index6086.html]
[dienthoai3.ninhbinhweb.info/indexb6a6.html]
[dienthoai3.ninhbinhweb.info/indexa02b.html]
[dienthoai3.ninhbinhweb.info/index2020.html]
[dienthoai3.ninhbinhweb.info/product/ipad-air-16gb-wifi-4g/indexb951.html]
[dienthoai3.ninhbinhweb.info/index2752.html]
[dienthoai3.ninhbinhweb.info/index30f0.html]
[dienthoai3.ninhbinhweb.info/indexc7d1.html]
[dienthoai3.ninhbinhweb.info/indexf7db.html]
[dienthoai3.ninhbinhweb.info/tai-khoan/index.html]
[dienthoai3.ninhbinhweb.info/wp-includes/js/zxcvbn-async.min5152.js]
[dienthoai3.ninhbinhweb.info/index40a0.html]
[dienthoai3.ninhbinhweb.info/wp-includes/js/dist/vendor/wp-polyfill.min89b1.js]
[dienthoai3.ninhbinhweb.info/wp-includes/js/dist/vendor/wp-polyfill-fetch.min6e0e.js]
[dienthoai3.ninhbinhweb.info/wp-includes/js/dist/vendor/wp-polyfill-node-contains.min2e00.js]
[dienthoai3.ninhbinhweb.info/wp-includes/js/dist/vendor/wp-polyfill-dom-rect.min2e00.js]
[dienthoai3.ninhbinhweb.info/wp-includes/js/dist/vendor/wp-polyfill-url.min5aed.js]
[dienthoai3.ninhbinhweb.info/wp-includes/js/dist/vendor/wp-polyfill-formdata.mine9bd.js]
[dienthoai3.ninhbinhweb.info/wp-includes/js/dist/vendor/wp-polyfill-element-closest.min4c56.js]
[dienthoai3.ninhbinhweb.info/wp-includes/js/dist/i18n.min44c1.js]
[dienthoai3.ninhbinhweb.info/wp-admin/js/password-strength-meter.min24b2.js]
[dienthoai3.ninhbinhweb.info/wp-content/plugins/woocommerce/assets/js/frontend/password-strength-meter.min6996.js]
[dienthoai3.ninhbinhweb.info/wp-content/plugins/woocommerce/assets/js/frontend/lost-password.min6996.js]
[dienthoai3.ninhbinhweb.info/Edge/index.html]
[dienthoai3.ninhbinhweb.info/wp-json/oembed/1.0/embedcfe9]
[dienthoai3.ninhbinhweb.info/index6b08.html]
[dienthoai3.ninhbinhweb.info/indexbb9e.html]
[dienthoai3.ninhbinhweb.info/product/the-nho-micro-sd-16-gb-class-10/index8528.html]
[dienthoai3.ninhbinhweb.info/wp-json/oembed/1.0/embedf759]
[dienthoai3.ninhbinhweb.info/indexd509.html]
[dienthoai3.ninhbinhweb.info/wp-content/uploads/2018/03/the-nho-microsd-16gb-class-10-7-300x300-100x100.jpg]
[dienthoai3.ninhbinhweb.info/wp-content/plugins/devvn-woocommerce-reviews/library/magnific-popup/magnific-popup19f6.css]
[dienthoai3.ninhbinhweb.info/wp-content/themes/fonts/fontawesome-webfont93e3.woff2]
[dienthoai3.ninhbinhweb.info/product/dien-thoai-iphone-6-cu-fullbox-gia-re-nhat/indexa79a.html]
[dienthoai3.ninhbinhweb.info/product/dien-thoai-iphone-6-cu-fullbox-gia-re-nhat/indexa79a.html]
[dienthoai3.ninhbinhweb.info/wp-content/themes/fonts/fontawesome-webfont93e3.woff2]
[dienthoai3.ninhbinhweb.info/wp-content/plugins/devvn-woocommerce-reviews/library/magnific-popup/magnific-popup19f6.css]
[cdn4.tgdd.vn/Products/Images/522/113278/Slider/vi-vn-samsung-galaxy-tab-a-8.0-(2017).jpg]
[cdn4.tgdd.vn/Products/Images/522/113278/samsung-galaxy-tab-a-80-2017-12-1.jpg]
[cdn4.tgdd.vn/Products/Images/42/114113/Slider/-1-thietke.jpg]
[cdn4.tgdd.vn/Files/2017/09/13/1021096/p9122102_800x450.jpg]
[cdn4.tgdd.vn/Products/Images/42/114112/iphone-8-256gb-h10-1.jpg]
[cdn4.tgdd.vn/Products/Images/42/114115/Slider/vi-vn-1-thietke.jpg]
[cdn4.tgdd.vn/Products/Images/42/114115/iphone-x-64gb7.jpg]
[cdn4.tgdd.vn/Products/Images/42/114115/iphone-x-64gb8.jpg]
[www.didongviet.vn/pub/media/wysiwyg/Phu-kien/cap-sac/day-cap-sac-usb-type-c-lg-chinh-hang/thiet-ke-day-cap-sac-type-c-samsung-galaxy-note-7-chinh-hang-didongviet.jpg]
[www.didongviet.vn/pub/media/wysiwyg/Phu-kien/cap-sac/day-cap-sac-usb-type-c-lg-chinh-hang/day-cap-sac-type-c-samsung-galaxy-note-7-chinh-hang-didongviet.jpg]
[www.didongviet.vn/pub/media/wysiwyg/Phu-kien/cap-sac/day-cap-sac-usb-type-c-lg-chinh-hang/do-tuong-thich-day-cap-sac-type-c-samsung-galaxy-note-7-chinh-hang-didongviet.jpg]
[www.didongviet.vn/pub/media/wysiwyg/Phu-kien/HOCO/sac-Hoco-1-0-A/Adapter-cu-sac-Hoco-1.0-A-gia-re-didongviet.jpg]
[www.didongviet.vn/pub/media/wysiwyg/Phu-kien/HOCO/sac-Hoco-1-0-A/thiet-ke-Adapter-cu-sac-Hoco-1.0-A-didongviet.jpg]
[www.didongviet.vn/pub/media/wysiwyg/Phu-kien/HOCO/sac-Hoco-1-0-A/Adapter-cu-sac-Hoco-1.0-A-didongviet.jpg]
[cdn4.tgdd.vn/Products/Images/55/69973/the-nho-microsd-16gb-class-10--6.jpg]
